{"type":"begin","id":"demo-20s","rss":62345216,"maxRss":62345216}
{"type":"load","name":"encoder","seconds":1.2449947499999998,"modelSha256":"fbda7df8791d5cafd02ed33c65f9926c5514c750278c27fb8a59259b4c1d7464","options":{"executionProviders":["wasm"],"graphOptimizationLevel":"all","enableCpuMemArena":false,"enableMemPattern":false,"extra":{"session":{"use_ort_model_bytes_directly":"1"}}},"rss":688041984,"maxRss":708980736}
{"type":"graph","id":"demo-20s","name":"encoder","seconds":5.533813898,"outputDims":{"x_seg":[1,1600,256],"x_est":[1,1600,256],"maskT":[1,1600]},"rss":876531712,"maxRss":878198784}
{"type":"release","name":"encoder","rss":876662784,"maxRss":878198784}
{"type":"load","name":"dur2bd","seconds":0.0057908729999999195,"modelSha256":"49d10d1ea186e43c51fd2c51cedb01a3852d363f1c7056ae77df50f7e8dd0996","options":{"executionProviders":["wasm"],"graphOptimizationLevel":"all","enableCpuMemArena":false,"enableMemPattern":false,"extra":{"session":{"use_ort_model_bytes_directly":"1"}}},"rss":876662784,"maxRss":878198784}
{"type":"graph","id":"demo-20s","name":"dur2bd","seconds":0.000759367999999995,"outputDims":{"boundaries":[1,1600]},"rss":876793856,"maxRss":878198784}
{"type":"release","name":"dur2bd","rss":876924928,"maxRss":878198784}
{"type":"load","name":"segmenter","seconds":0.7356738139999998,"modelSha256":"9db605a2ad3c179e9c4e4ae5b970727006020c65936773c26b2cbc27d8ef892f","options":{"executionProviders":["wasm"],"graphOptimizationLevel":"all","enableCpuMemArena":false,"enableMemPattern":false,"extra":{"session":{"use_ort_model_bytes_directly":"1"}}},"rss":1157287936,"maxRss":1157287936}
{"type":"graph","id":"demo-20s","name":"segmenter","seconds":10.567073738,"outputDims":{"boundaries":[1,1600]},"rss":1159303168,"maxRss":1159303168}
{"type":"graph","id":"demo-20s","name":"segmenter","seconds":9.855039794,"outputDims":{"boundaries":[1,1600]},"rss":1168216064,"maxRss":1168216064}
{"type":"graph","id":"demo-20s","name":"segmenter","seconds":9.818882983,"outputDims":{"boundaries":[1,1600]},"rss":1168609280,"maxRss":1168609280}
{"type":"graph","id":"demo-20s","name":"segmenter","seconds":9.008169861000002,"outputDims":{"boundaries":[1,1600]},"rss":1169133568,"maxRss":1169133568}
{"type":"graph","id":"demo-20s","name":"segmenter","seconds":9.232798468,"outputDims":{"boundaries":[1,1600]},"rss":1169526784,"maxRss":1169526784}
{"type":"graph","id":"demo-20s","name":"segmenter","seconds":9.787690221999997,"outputDims":{"boundaries":[1,1600]},"rss":1170313216,"maxRss":1170313216}
{"type":"graph","id":"demo-20s","name":"segmenter","seconds":9.652517669000009,"outputDims":{"boundaries":[1,1600]},"rss":1170313216,"maxRss":1170313216}
{"type":"graph","id":"demo-20s","name":"segmenter","seconds":9.677094048999992,"outputDims":{"boundaries":[1,1600]},"rss":1170313216,"maxRss":1170313216}
{"type":"release","name":"segmenter","rss":1170313216,"maxRss":1170313216}
{"type":"load","name":"bd2dur","seconds":0.003522511999995913,"modelSha256":"6672d56b00f27a20e9bfaa92801c15e394bb520e49031d3ed2515b0a6cf27402","options":{"executionProviders":["wasm"],"graphOptimizationLevel":"all","enableCpuMemArena":false,"enableMemPattern":false,"extra":{"session":{"use_ort_model_bytes_directly":"1"}}},"rss":1170313216,"maxRss":1170313216}
{"type":"graph","id":"demo-20s","name":"bd2dur","seconds":0.004865053999994416,"outputDims":{"durations":[1,47],"maskN":[1,47]},"rss":1170575360,"maxRss":1170575360}
{"type":"release","name":"bd2dur","rss":1170575360,"maxRss":1170575360}
{"type":"load","name":"estimator","seconds":1.0463454080000083,"modelSha256":"0d4a6e13bf475f79967e252b401bb5f317aa6b96bbe6665d5f8b14b42b179926","options":{"executionProviders":["wasm"],"graphOptimizationLevel":"all","enableCpuMemArena":false,"enableMemPattern":false,"extra":{"session":{"use_ort_model_bytes_directly":"1"}}},"rss":1326026752,"maxRss":1326026752}
{"type":"graph","id":"demo-20s","name":"estimator","seconds":4.918542715999997,"outputDims":{"presence":[1,47],"scores":[1,47]},"rss":1317101568,"maxRss":1326026752}
{"type":"passage","id":"demo-20s","seconds":91.712322755,"notes":43,"rss":1286402048,"maxRss":1326026752}
{"type":"release","name":"estimator","rss":1166106624,"maxRss":1326026752}
{"type":"complete","file":"staged-normal-demo-20s.json","rss":1166106624,"maxRss":1326026752}
