[0;93m2026-09-24 01:00:11.578896843 [W:onnxruntime:, transformer_memcpy.cc:111 ApplyImpl] 10 Memcpy nodes are added to the graph main_graph for CUDAExecutionProvider. It might have negative impact on performance (including unable to run CUDA graph). Set session_options.log_severity_level=1 to see the detail logs before this message.[m
[0;93m2026-09-24 01:00:11.590351383 [W:onnxruntime:, session_state.cc:1359 VerifyEachNodeIsAssignedToAnEp] Some nodes were not assigned to the preferred execution providers which may or may not have an negative impact on performance. e.g. ORT explicitly assigns shape related ops to CPU to improve perf.[m
[0;93m2026-09-24 01:00:11.590406639 [W:onnxruntime:, session_state.cc:1361 VerifyEachNodeIsAssignedToAnEp] Rerunning with verbose output on a non-minimal build will show node assignments.[m
[0;93m2026-09-24 01:00:11.797543243 [W:onnxruntime:, session_state.cc:1359 VerifyEachNodeIsAssignedToAnEp] Some nodes were not assigned to the preferred execution providers which may or may not have an negative impact on performance. e.g. ORT explicitly assigns shape related ops to CPU to improve perf.[m
[0;93m2026-09-24 01:00:11.797606332 [W:onnxruntime:, session_state.cc:1361 VerifyEachNodeIsAssignedToAnEp] Rerunning with verbose output on a non-minimal build will show node assignments.[m
[0;93m2026-09-24 01:00:12.335910727 [W:onnxruntime:, transformer_memcpy.cc:111 ApplyImpl] 2 Memcpy nodes are added to the graph main_graph for CUDAExecutionProvider. It might have negative impact on performance (including unable to run CUDA graph). Set session_options.log_severity_level=1 to see the detail logs before this message.[m
[0;93m2026-09-24 01:00:12.363747072 [W:onnxruntime:, session_state.cc:1359 VerifyEachNodeIsAssignedToAnEp] Some nodes were not assigned to the preferred execution providers which may or may not have an negative impact on performance. e.g. ORT explicitly assigns shape related ops to CPU to improve perf.[m
[0;93m2026-09-24 01:00:12.363810373 [W:onnxruntime:, session_state.cc:1361 VerifyEachNodeIsAssignedToAnEp] Rerunning with verbose output on a non-minimal build will show node assignments.[m
[0;93m2026-09-24 01:00:12.511304128 [W:onnxruntime:, transformer_memcpy.cc:111 ApplyImpl] 3 Memcpy nodes are added to the graph main_graph for CUDAExecutionProvider. It might have negative impact on performance (including unable to run CUDA graph). Set session_options.log_severity_level=1 to see the detail logs before this message.[m
[0;93m2026-09-24 01:00:12.511713363 [W:onnxruntime:, session_state.cc:1359 VerifyEachNodeIsAssignedToAnEp] Some nodes were not assigned to the preferred execution providers which may or may not have an negative impact on performance. e.g. ORT explicitly assigns shape related ops to CPU to improve perf.[m
[0;93m2026-09-24 01:00:12.511752130 [W:onnxruntime:, session_state.cc:1361 VerifyEachNodeIsAssignedToAnEp] Rerunning with verbose output on a non-minimal build will show node assignments.[m
[0;93m2026-09-24 01:00:13.170926531 [W:onnxruntime:, transformer_memcpy.cc:111 ApplyImpl] 10 Memcpy nodes are added to the graph main_graph for CUDAExecutionProvider. It might have negative impact on performance (including unable to run CUDA graph). Set session_options.log_severity_level=1 to see the detail logs before this message.[m
[0;93m2026-09-24 01:00:13.203147270 [W:onnxruntime:, session_state.cc:1359 VerifyEachNodeIsAssignedToAnEp] Some nodes were not assigned to the preferred execution providers which may or may not have an negative impact on performance. e.g. ORT explicitly assigns shape related ops to CPU to improve perf.[m
[0;93m2026-09-24 01:00:13.203173327 [W:onnxruntime:, session_state.cc:1361 VerifyEachNodeIsAssignedToAnEp] Rerunning with verbose output on a non-minimal build will show node assignments.[m
[1;31m2026-09-24 01:00:15.785103148 [E:onnxruntime:, sequential_executor.cc:614 ExecuteKernel] Non-zero status code returned while running ReduceSum node. Name:'/ReduceSum' Status Message: /onnxruntime_src/onnxruntime/core/providers/cuda/reduction/reduction_ops.cc:291 onnxruntime::common::Status onnxruntime::cuda::PrepareForReduce(const onnxruntime::Tensor*, bool, gsl::span<const long int>, PrepareReduceMetadata&, const onnxruntime::TensorShape*) input_dims[axis] != 0 was false. Can't reduce on dim with value of 0 if 'keepdims' is false. Invalid output shape would be produced. input_shape:{1,1400,0}
[m
Exception in thread "main" ai.onnxruntime.OrtException: Error code - ORT_RUNTIME_EXCEPTION - message: Non-zero status code returned while running ReduceSum node. Name:'/ReduceSum' Status Message: /onnxruntime_src/onnxruntime/core/providers/cuda/reduction/reduction_ops.cc:291 onnxruntime::common::Status onnxruntime::cuda::PrepareForReduce(const onnxruntime::Tensor*, bool, gsl::span<const long int>, PrepareReduceMetadata&, const onnxruntime::TensorShape*) input_dims[axis] != 0 was false. Can't reduce on dim with value of 0 if 'keepdims' is false. Invalid output shape would be produced. input_shape:{1,1400,0}

	at ai.onnxruntime.OrtSession.run(Native Method)
	at ai.onnxruntime.OrtSession.run(OrtSession.java:421)
	at ai.onnxruntime.OrtSession.run(OrtSession.java:288)
	at ai.onnxruntime.OrtSession.run(OrtSession.java:252)
	at com.cyberbasslord.lightforge.NativeGame.run(NativeGame.java:241)
	at com.cyberbasslord.lightforge.NativeGame.infer(NativeGame.java:180)
	at com.cyberbasslord.lightforge.NativeGame.predict(NativeGame.java:119)
	at com.cyberbasslord.lightforge.GameAcceleratorRunner.main(GameAcceleratorRunner.java:25)
