{"type":"begin","id":"demo-20s","rss":44761088,"maxRss":44761088}
{"type":"load","name":"encoder","seconds":0.6680569000000001,"modelSha256":"fbda7df8791d5cafd02ed33c65f9926c5514c750278c27fb8a59259b4c1d7464","rss":648237056,"maxRss":674627584}
{"type":"load","name":"dur2bd","seconds":0.003083744000000024,"modelSha256":"49d10d1ea186e43c51fd2c51cedb01a3852d363f1c7056ae77df50f7e8dd0996","rss":648237056,"maxRss":674627584}
{"type":"load","name":"segmenter","seconds":0.521025198,"modelSha256":"9db605a2ad3c179e9c4e4ae5b970727006020c65936773c26b2cbc27d8ef892f","rss":1140805632,"maxRss":1140805632}
{"type":"load","name":"bd2dur","seconds":0.004323202000000037,"modelSha256":"6672d56b00f27a20e9bfaa92801c15e394bb520e49031d3ed2515b0a6cf27402","rss":1141592064,"maxRss":1141592064}
{"type":"load","name":"estimator","seconds":1.388134375,"modelSha256":"0d4a6e13bf475f79967e252b401bb5f317aa6b96bbe6665d5f8b14b42b179926","rss":1275572224,"maxRss":1275572224}
{"type":"graph","id":"demo-20s","name":"encoder","seconds":5.1712663170000015,"outputDims":{"x_seg":[1,1600,256],"x_est":[1,1600,256],"maskT":[1,1600]},"rss":1383006208,"maxRss":1383841792}
{"type":"graph","id":"demo-20s","name":"dur2bd","seconds":0.00063340000000062,"outputDims":{"boundaries":[1,1600]},"rss":1383006208,"maxRss":1383841792}
{"type":"graph","id":"demo-20s","name":"segmenter","seconds":9.230108688999998,"outputDims":{"boundaries":[1,1600]},"rss":1465319424,"maxRss":1465319424}
{"type":"graph","id":"demo-20s","name":"segmenter","seconds":9.416067239,"outputDims":{"boundaries":[1,1600]},"rss":1482227712,"maxRss":1482227712}
{"type":"graph","id":"demo-20s","name":"segmenter","seconds":9.154848214000005,"outputDims":{"boundaries":[1,1600]},"rss":1482883072,"maxRss":1482883072}
{"type":"graph","id":"demo-20s","name":"segmenter","seconds":9.130073287,"outputDims":{"boundaries":[1,1600]},"rss":1483145216,"maxRss":1483145216}
{"type":"graph","id":"demo-20s","name":"segmenter","seconds":9.263645138,"outputDims":{"boundaries":[1,1600]},"rss":1483145216,"maxRss":1483145216}
{"type":"graph","id":"demo-20s","name":"segmenter","seconds":8.945365698999995,"outputDims":{"boundaries":[1,1600]},"rss":1483145216,"maxRss":1483145216}
{"type":"graph","id":"demo-20s","name":"segmenter","seconds":9.108301979999997,"outputDims":{"boundaries":[1,1600]},"rss":1483145216,"maxRss":1483145216}
{"type":"graph","id":"demo-20s","name":"segmenter","seconds":9.262125591999997,"outputDims":{"boundaries":[1,1600]},"rss":1483145216,"maxRss":1483145216}
{"type":"synthetic-boundaries","name":"bd2dur","frames":1600,"boundaries":1600,"stride":1,"rss":1483145216,"maxRss":1483145216}
{"type":"graph","id":"demo-20s","name":"bd2dur","seconds":0.006784182000003056,"outputDims":{"durations":[1,1601],"maskN":[1,1601]},"rss":1486159872,"maxRss":1486159872}
{"type":"synthetic-boundaries","name":"estimator","frames":1600,"boundaries":1600,"stride":1,"rss":1486159872,"maxRss":1486159872}
{"type":"graph","id":"demo-20s","name":"estimator","seconds":14.806855217999997,"outputDims":{"presence":[1,1601],"scores":[1,1601]},"rss":2428960768,"maxRss":2428960768}
{"type":"passage","id":"demo-20s","seconds":96.55773983600001,"notes":0,"rss":2428960768,"maxRss":2428960768}
{"type":"complete","file":"dense-memory-demo-20s.json","rss":2429222912,"maxRss":2429222912}
