{"type":"begin","id":"demo-20s","rss":44789760,"maxRss":44789760}
{"type":"load","name":"encoder","seconds":0.6068466939999999,"modelSha256":"fbda7df8791d5cafd02ed33c65f9926c5514c750278c27fb8a59259b4c1d7464","rss":686522368,"maxRss":686522368}
{"type":"load","name":"dur2bd","seconds":0.002796632999999929,"modelSha256":"49d10d1ea186e43c51fd2c51cedb01a3852d363f1c7056ae77df50f7e8dd0996","rss":686653440,"maxRss":686653440}
{"type":"load","name":"segmenter","seconds":0.4605315970000001,"modelSha256":"9db605a2ad3c179e9c4e4ae5b970727006020c65936773c26b2cbc27d8ef892f","rss":1168003072,"maxRss":1168736256}
{"type":"load","name":"bd2dur","seconds":0.0032721060000001218,"modelSha256":"6672d56b00f27a20e9bfaa92801c15e394bb520e49031d3ed2515b0a6cf27402","rss":1168134144,"maxRss":1168736256}
{"type":"load","name":"estimator","seconds":1.078971939,"modelSha256":"0d4a6e13bf475f79967e252b401bb5f317aa6b96bbe6665d5f8b14b42b179926","rss":1441419264,"maxRss":1441419264}
{"type":"graph","id":"demo-20s","name":"encoder","seconds":4.921796388000001,"rss":1543593984,"maxRss":1544912896}
{"type":"graph","id":"demo-20s","name":"dur2bd","seconds":0.0006547019999998156,"rss":1543593984,"maxRss":1544912896}
{"type":"graph","id":"demo-20s","name":"segmenter","seconds":9.648673947999999,"rss":1560240128,"maxRss":1560240128}
{"type":"graph","id":"demo-20s","name":"segmenter","seconds":9.217358498999998,"rss":1562599424,"maxRss":1562599424}
{"type":"graph","id":"demo-20s","name":"segmenter","seconds":9.269001542999998,"rss":1562599424,"maxRss":1562599424}
{"type":"graph","id":"demo-20s","name":"segmenter","seconds":9.328922258999999,"rss":1562861568,"maxRss":1562861568}
{"type":"graph","id":"demo-20s","name":"segmenter","seconds":9.422110491,"rss":1562861568,"maxRss":1562861568}
{"type":"graph","id":"demo-20s","name":"segmenter","seconds":9.406340040999996,"rss":1562861568,"maxRss":1562861568}
{"type":"graph","id":"demo-20s","name":"segmenter","seconds":9.476714624999993,"rss":1562861568,"maxRss":1562861568}
{"type":"graph","id":"demo-20s","name":"segmenter","seconds":9.815165999999998,"rss":1562861568,"maxRss":1562861568}
{"type":"graph","id":"demo-20s","name":"bd2dur","seconds":0.026017540000000734,"rss":1565614080,"maxRss":1565614080}
{"type":"graph","id":"demo-20s","name":"estimator","seconds":4.9042996500000005,"rss":1635999744,"maxRss":1635999744}
{"type":"passage","id":"demo-20s","seconds":88.06435884,"notes":43,"rss":1635999744,"maxRss":1635999744}
{"type":"complete","file":"geometry-demo-20s.json","rss":1636130816,"maxRss":1636130816}
