Exception in thread "main" java.lang.AssertionError: Native cancellation contained an unclassified cleanup failure
	at com.cyberbasslord.lightforge.NativeDeuxCalibrationTest.cancelDuringNative(NativeDeuxCalibrationTest.java:236)
	at com.cyberbasslord.lightforge.NativeDeuxCalibrationTest.main(NativeDeuxCalibrationTest.java:327)
Caused by: java.io.InterruptedIOException: Studio analysis was cancelled.
	at com.cyberbasslord.lightforge.NativeDeux.check(NativeDeux.java:516)
	at com.cyberbasslord.lightforge.NativeDeux.lambda$predictPassage$2(NativeDeux.java:168)
	at com.cyberbasslord.lightforge.NativeDeux.lambda$attempt$5(NativeDeux.java:393)
	at com.cyberbasslord.lightforge.NativeDeux.packTemporalBand(NativeDeux.java:710)
	at com.cyberbasslord.lightforge.NativeDeux.runTemporalPipeline(NativeDeux.java:669)
	at com.cyberbasslord.lightforge.NativeDeux.runTemporalGraph(NativeDeux.java:616)
	at com.cyberbasslord.lightforge.NativeDeux.attempt(NativeDeux.java:428)
	at com.cyberbasslord.lightforge.NativeDeux.predictPassage(NativeDeux.java:199)
	at com.cyberbasslord.lightforge.NativeDeux.predict(NativeDeux.java:148)
	at com.cyberbasslord.lightforge.NativeDeux.predict(NativeDeux.java:142)
	at com.cyberbasslord.lightforge.NativeDeux.predict(NativeDeux.java:136)
	at com.cyberbasslord.lightforge.NativeDeux.predict(NativeDeux.java:132)
	at com.cyberbasslord.lightforge.NativeDeuxCalibrationTest.lambda$cancelDuringNative$4(NativeDeuxCalibrationTest.java:190)
	at java.base/java.lang.Thread.run(Thread.java:840)
	Suppressed: ai.onnxruntime.OrtException: Error code - ORT_FAIL - message: Exiting due to terminate flag being set to true.
		at ai.onnxruntime.OrtSession.run(Native Method)
		at ai.onnxruntime.OrtSession.run(OrtSession.java:421)
		at com.cyberbasslord.lightforge.NativeDeux.execute(NativeDeux.java:939)
		at com.cyberbasslord.lightforge.NativeDeux.lambda$submitTemporalBand$8(NativeDeux.java:800)
		at java.base/java.util.concurrent.FutureTask.run(FutureTask.java:264)
		at java.base/java.util.concurrent.Executors$RunnableAdapter.call(Executors.java:539)
		at java.base/java.util.concurrent.FutureTask.run(FutureTask.java:264)
		at java.base/java.util.concurrent.ThreadPoolExecutor.runWorker(ThreadPoolExecutor.java:1136)
		at java.base/java.util.concurrent.ThreadPoolExecutor$Worker.run(ThreadPoolExecutor.java:635)
		... 1 more
	Suppressed: ai.onnxruntime.OrtException: Error code - ORT_FAIL - message: Exiting due to terminate flag being set to true.
		at ai.onnxruntime.OrtSession.run(Native Method)
		at ai.onnxruntime.OrtSession.run(OrtSession.java:421)
		at com.cyberbasslord.lightforge.NativeDeux.execute(NativeDeux.java:939)
		at com.cyberbasslord.lightforge.NativeDeux.lambda$submitTemporalBand$8(NativeDeux.java:800)
		at java.base/java.util.concurrent.FutureTask.run(FutureTask.java:264)
		at java.base/java.util.concurrent.Executors$RunnableAdapter.call(Executors.java:539)
		at java.base/java.util.concurrent.FutureTask.run(FutureTask.java:264)
		at java.base/java.util.concurrent.ThreadPoolExecutor.runWorker(ThreadPoolExecutor.java:1136)
		at java.base/java.util.concurrent.ThreadPoolExecutor$Worker.run(ThreadPoolExecutor.java:635)
		... 1 more
	Suppressed: ai.onnxruntime.OrtException: Error code - ORT_FAIL - message: Exiting due to terminate flag being set to true.
		at ai.onnxruntime.OrtSession.run(Native Method)
		at ai.onnxruntime.OrtSession.run(OrtSession.java:421)
		at com.cyberbasslord.lightforge.NativeDeux.execute(NativeDeux.java:939)
		at com.cyberbasslord.lightforge.NativeDeux.lambda$submitTemporalBand$8(NativeDeux.java:800)
		at java.base/java.util.concurrent.FutureTask.run(FutureTask.java:264)
		at java.base/java.util.concurrent.Executors$RunnableAdapter.call(Executors.java:539)
		at java.base/java.util.concurrent.FutureTask.run(FutureTask.java:264)
		at java.base/java.util.concurrent.ThreadPoolExecutor.runWorker(ThreadPoolExecutor.java:1136)
		at java.base/java.util.concurrent.ThreadPoolExecutor$Worker.run(ThreadPoolExecutor.java:635)
		... 1 more
	Suppressed: ai.onnxruntime.OrtException: Error code - ORT_FAIL - message: Exiting due to terminate flag being set to true.
		at ai.onnxruntime.OrtSession.run(Native Method)
		at ai.onnxruntime.OrtSession.run(OrtSession.java:421)
		at com.cyberbasslord.lightforge.NativeDeux.execute(NativeDeux.java:939)
		at com.cyberbasslord.lightforge.NativeDeux.lambda$submitTemporalBand$8(NativeDeux.java:800)
		at java.base/java.util.concurrent.FutureTask.run(FutureTask.java:264)
		at java.base/java.util.concurrent.Executors$RunnableAdapter.call(Executors.java:539)
		at java.base/java.util.concurrent.FutureTask.run(FutureTask.java:264)
		at java.base/java.util.concurrent.ThreadPoolExecutor.runWorker(ThreadPoolExecutor.java:1136)
		at java.base/java.util.concurrent.ThreadPoolExecutor$Worker.run(ThreadPoolExecutor.java:635)
		... 1 more
