THREAD-PROBE 4 Opening music
THREAD-PROBE 4 Listening to musical detail
{"run":4,"session":1,"stage":"rhythm","model":"/analysis/models/beat-this-large.onnx","threads":1}
THREAD-PROBE 4 Loading music AI
{"run":4,"session":2,"stage":"rhythm","model":"/analysis/models/beat-this-mel.onnx","threads":1}
{"run":4,"graph":0,"stage":"rhythm","model":"/analysis/models/beat-this-mel.onnx","seconds":0.021615000002086163,"exact":true}
{"run":4,"graph":1,"stage":"rhythm","model":"/analysis/models/beat-this-large.onnx","seconds":0.47576000000163915,"exact":true}
THREAD-PROBE 4 Understanding beats and bar accents
THREAD-PROBE 4 Recognizing musical structure
THREAD-PROBE 4 Checking analysis storage
THREAD-PROBE 4 Separating voice and instruments
{"run":4,"session":1,"stage":"separation","model":"/analysis/models/deux/front.onnx","threads":4}
{"run":4,"session":2,"stage":"separation","model":"/analysis/models/deux/block-00-time.onnx","threads":4}
{"run":4,"session":3,"stage":"separation","model":"/analysis/models/deux/block-00-frequency.onnx","threads":4}
{"run":4,"graph":20,"stage":"separation","model":"/analysis/models/deux/block-00-frequency.onnx","seconds":0.25417000000178813,"exact":true}
{"run":4,"session":4,"stage":"separation","model":"/analysis/models/deux/block-01-time.onnx","threads":4}
{"run":4,"graph":40,"stage":"separation","model":"/analysis/models/deux/block-01-time.onnx","seconds":0.371964999999851,"exact":true}
{"run":4,"session":5,"stage":"separation","model":"/analysis/models/deux/block-01-frequency.onnx","threads":4}
{"run":4,"session":6,"stage":"separation","model":"/analysis/models/deux/block-02-time.onnx","threads":4}
{"run":4,"graph":60,"stage":"separation","model":"/analysis/models/deux/block-02-time.onnx","seconds":0.36519500000029803,"exact":true}
{"run":4,"session":7,"stage":"separation","model":"/analysis/models/deux/block-02-frequency.onnx","threads":4}
{"run":4,"graph":80,"stage":"separation","model":"/analysis/models/deux/block-02-frequency.onnx","seconds":0.045890000000596044,"exact":true}
{"run":4,"session":8,"stage":"separation","model":"/analysis/models/deux/block-03-time.onnx","threads":4}
{"run":4,"session":9,"stage":"separation","model":"/analysis/models/deux/block-03-frequency.onnx","threads":4}
{"run":4,"graph":100,"stage":"separation","model":"/analysis/models/deux/block-03-frequency.onnx","seconds":0.6778200000002981,"exact":true}
{"run":4,"session":10,"stage":"separation","model":"/analysis/models/deux/block-04-time.onnx","threads":4}
{"run":4,"graph":120,"stage":"separation","model":"/analysis/models/deux/block-04-time.onnx","seconds":0.3745949999988079,"exact":true}
{"run":4,"session":11,"stage":"separation","model":"/analysis/models/deux/block-04-frequency.onnx","threads":4}
{"run":4,"session":12,"stage":"separation","model":"/analysis/models/deux/block-05-time.onnx","threads":4}
{"run":4,"graph":140,"stage":"separation","model":"/analysis/models/deux/block-05-time.onnx","seconds":0.3620400000028312,"exact":true}
{"run":4,"session":13,"stage":"separation","model":"/analysis/models/deux/block-05-frequency.onnx","threads":4}
{"run":4,"session":14,"stage":"separation","model":"/analysis/models/deux/block-06-time.onnx","threads":4}
{"run":4,"graph":160,"stage":"separation","model":"/analysis/models/deux/block-06-time.onnx","seconds":0.34623499999940394,"exact":true}
{"run":4,"session":15,"stage":"separation","model":"/analysis/models/deux/block-06-frequency.onnx","threads":4}
{"run":4,"graph":180,"stage":"separation","model":"/analysis/models/deux/block-06-frequency.onnx","seconds":0.284410000000149,"exact":true}
{"run":4,"session":16,"stage":"separation","model":"/analysis/models/deux/block-07-time.onnx","threads":4}
{"run":4,"session":17,"stage":"separation","model":"/analysis/models/deux/block-07-frequency.onnx","threads":4}
{"run":4,"graph":200,"stage":"separation","model":"/analysis/models/deux/block-07-frequency.onnx","seconds":0.22071499999985097,"exact":true}
{"run":4,"session":18,"stage":"separation","model":"/analysis/models/deux/block-08-time.onnx","threads":4}
{"run":4,"graph":220,"stage":"separation","model":"/analysis/models/deux/block-08-time.onnx","seconds":0.40929500000178815,"exact":true}
{"run":4,"session":19,"stage":"separation","model":"/analysis/models/deux/block-08-frequency.onnx","threads":4}
{"run":4,"session":20,"stage":"separation","model":"/analysis/models/deux/block-09-time.onnx","threads":4}
{"run":4,"graph":240,"stage":"separation","model":"/analysis/models/deux/block-09-time.onnx","seconds":0.385410000000149,"exact":true}
{"run":4,"session":21,"stage":"separation","model":"/analysis/models/deux/block-09-frequency.onnx","threads":4}
{"run":4,"graph":260,"stage":"separation","model":"/analysis/models/deux/block-09-frequency.onnx","seconds":0.29377499999850987,"exact":true}
{"run":4,"session":22,"stage":"separation","model":"/analysis/models/deux/block-10-time.onnx","threads":4}
{"run":4,"session":23,"stage":"separation","model":"/analysis/models/deux/block-10-frequency.onnx","threads":4}
{"run":4,"graph":280,"stage":"separation","model":"/analysis/models/deux/block-10-frequency.onnx","seconds":0.2510750000029802,"exact":true}
{"run":4,"session":24,"stage":"separation","model":"/analysis/models/deux/block-11-time.onnx","threads":4}
{"run":4,"graph":300,"stage":"separation","model":"/analysis/models/deux/block-11-time.onnx","seconds":0.43210999999940397,"exact":true}
{"run":4,"session":25,"stage":"separation","model":"/analysis/models/deux/block-11-frequency.onnx","threads":4}
{"run":4,"session":26,"stage":"separation","model":"/analysis/models/deux/head-0.onnx","threads":4}
{"run":4,"graph":320,"stage":"separation","model":"/analysis/models/deux/head-0.onnx","seconds":0.2867450000010431,"exact":true}
{"run":4,"session":27,"stage":"separation","model":"/analysis/models/deux/head-1.onnx","threads":4}
THREAD-PROBE 4 Recognizing the isolated voice
{"run":4,"session":1,"stage":"voice-classifier","model":"/analysis/models/frame-mn10-singing.onnx","threads":1}
{"run":4,"graph":337,"stage":"voice-classifier","model":"/analysis/models/frame-mn10-singing.onnx","seconds":0.11745000000298023,"exact":true}
THREAD-PROBE 4 Following vocal expression
THREAD-PROBE 4 Transcribing sung notes
THREAD-PROBE 4 Loading singing transcription
{"run":4,"session":1,"stage":"voice","model":"/analysis/models/game/encoder.onnx","threads":4}
{"run":4,"session":2,"stage":"voice","model":"/analysis/models/game/dur2bd.onnx","threads":4}
{"run":4,"session":3,"stage":"voice","model":"/analysis/models/game/segmenter.onnx","threads":4}
{"run":4,"session":4,"stage":"voice","model":"/analysis/models/game/bd2dur.onnx","threads":4}
{"run":4,"session":5,"stage":"voice","model":"/analysis/models/game/estimator.onnx","threads":4}
{"run":4,"graph":338,"stage":"voice","model":"/analysis/models/game/encoder.onnx","seconds":0.3521000000014901,"exact":false}
page.evaluate: Error: Raw graph mismatch at invocation 338 /analysis/models/game/encoder.onnx
    at sendRecord (http://127.0.0.1:33535/analysis/thread-probe-worker.js?run=4:11:75)
    at async session.run (http://127.0.0.1:33535/analysis/thread-probe-worker.js?run=4:33:5)
    at async runInference (http://127.0.0.1:33535/analysis/game.js:78:12)
    at async infer (http://127.0.0.1:33535/analysis/game.js:72:14)
    at async processSerial (http://127.0.0.1:33535/analysis/game.js:184:26)
    at async Object.process (http://127.0.0.1:33535/analysis/game.js:166:14)
    at async self.onmessage (http://127.0.0.1:33535/analysis/worker.js:193:22)
    at /workspace/scratch/9a5ec23b7f4b/pipeline-thread-qualification/final-classifier-handoff/run.cjs:58:58
{"passed":false,"firstMismatch":{"index":338,"error":"Raw graph mismatch at invocation 338 /analysis/models/game/encoder.onnx"},"errors":["page.evaluate: Error: Raw graph mismatch at invocation 338 /analysis/models/game/encoder.onnx\n    at sendRecord (http://127.0.0.1:33535/analysis/thread-probe-worker.js?run=4:11:75)\n    at async session.run (http://127.0.0.1:33535/analysis/thread-probe-worker.js?run=4:33:5)\n    at async runInference (http://127.0.0.1:33535/analysis/game.js:78:12)\n    at async infer (http://127.0.0.1:33535/analysis/game.js:72:14)\n    at async processSerial (http://127.0.0.1:33535/analysis/game.js:184:26)\n    at async Object.process (http://127.0.0.1:33535/analysis/game.js:166:14)\n    at async self.onmessage (http://127.0.0.1:33535/analysis/worker.js:193:22)\n    at /workspace/scratch/9a5ec23b7f4b/pipeline-thread-qualification/final-classifier-handoff/run.cjs:58:58"]}
